../Core/Driver/Src/MS5611.c:72:13:MS5611_CS_LOW	0	static
../Core/Driver/Src/MS5611.c:65:13:MS5611_CS_HIGH	0	static
../Core/Driver/Src/MS5611.c:44:17:MS5611_Read_PROM_REGISTER	24	static
../Core/Driver/Src/MS5611.c:187:17:MS5611_ADC_READ	24	static
../Core/Driver/Src/MS5611.c:79:5:MS5611_write	8	static
../Core/Driver/Src/MS5611.c:89:5:MS5611_read	8	static
../Core/Driver/Src/MS5611.c:97:6:MS5611_init	16	static
../Core/Driver/Src/MS5611.c:129:9:MS5611_read_temp	8	static
../Core/Driver/Src/MS5611.c:141:9:MS5611_read_temp_fahrenheit	8	static
../Core/Driver/Src/MS5611.c:151:9:MS5611_read_pressure	16	static
../Core/Driver/Src/MS5611.c:174:9:MS5611_read_altitude	8	static
