../Drivers/BSP/STM32F4xx_Nucleo_144/stm32f4xx_nucleo_144.c:377:13:SPIx_Init	56	static
../Drivers/BSP/STM32F4xx_Nucleo_144/stm32f4xx_nucleo_144.c:433:13:SPIx_Write	32	static
../Drivers/BSP/STM32F4xx_Nucleo_144/stm32f4xx_nucleo_144.c:415:13:SPIx_WriteReadData	16	static
../Drivers/BSP/STM32F4xx_Nucleo_144/stm32f4xx_nucleo_144.c:177:10:BSP_GetVersion	0	static
../Drivers/BSP/STM32F4xx_Nucleo_144/stm32f4xx_nucleo_144.c:190:6:BSP_LED_Init	56	static
../Drivers/BSP/STM32F4xx_Nucleo_144/stm32f4xx_nucleo_144.c:216:6:BSP_LED_DeInit	24	static
../Drivers/BSP/STM32F4xx_Nucleo_144/stm32f4xx_nucleo_144.c:233:6:BSP_LED_On	0	static
../Drivers/BSP/STM32F4xx_Nucleo_144/stm32f4xx_nucleo_144.c:246:6:BSP_LED_Off	0	static
../Drivers/BSP/STM32F4xx_Nucleo_144/stm32f4xx_nucleo_144.c:259:6:BSP_LED_Toggle	0	static
../Drivers/BSP/STM32F4xx_Nucleo_144/stm32f4xx_nucleo_144.c:274:6:BSP_PB_Init	32	static
../Drivers/BSP/STM32F4xx_Nucleo_144/stm32f4xx_nucleo_144.c:311:6:BSP_PB_DeInit	8	static
../Drivers/BSP/STM32F4xx_Nucleo_144/stm32f4xx_nucleo_144.c:326:10:BSP_PB_GetState	8	static
../Drivers/BSP/STM32F4xx_Nucleo_144/stm32f4xx_nucleo_144.c:515:6:SD_IO_CSState	0	static
../Drivers/BSP/STM32F4xx_Nucleo_144/stm32f4xx_nucleo_144.c:533:6:SD_IO_WriteReadData	0	static
../Drivers/BSP/STM32F4xx_Nucleo_144/stm32f4xx_nucleo_144.c:543:9:SD_IO_WriteByte	24	static
../Drivers/BSP/STM32F4xx_Nucleo_144/stm32f4xx_nucleo_144.c:469:6:SD_IO_Init	56	static
../Drivers/BSP/STM32F4xx_Nucleo_144/stm32f4xx_nucleo_144.c:555:6:LCD_IO_Init	48	static
../Drivers/BSP/STM32F4xx_Nucleo_144/stm32f4xx_nucleo_144.c:585:6:LCD_IO_WriteReg	16	static
../Drivers/BSP/STM32F4xx_Nucleo_144/stm32f4xx_nucleo_144.c:605:6:LCD_IO_WriteData	16	static
../Drivers/BSP/STM32F4xx_Nucleo_144/stm32f4xx_nucleo_144.c:625:6:LCD_IO_WriteMultipleData	24	static
../Drivers/BSP/STM32F4xx_Nucleo_144/stm32f4xx_nucleo_144.c:680:6:LCD_Delay	0	static
